###############################################################################
#
# IAR ELF Linker V2.20.1.176 for STM8                     04/Aug/2016  06:40:17
# Copyright 2010-2015 IAR Systems AB.
#
#    Output file  =  
#        E:\projects\2016\khanh\example\7seg-rs485\Debug\Exe\smt8s-rf.out
#    Map file     =  
#        E:\projects\2016\khanh\example\7seg-rs485\Debug\List\smt8s-rf.map
#    Command line =  
#        E:\projects\2016\khanh\example\7seg-rs485\Debug\Obj\gpio.o
#        E:\projects\2016\khanh\example\7seg-rs485\Debug\Obj\main.o
#        E:\projects\2016\khanh\example\7seg-rs485\Debug\Obj\stm8s_clk.o
#        E:\projects\2016\khanh\example\7seg-rs485\Debug\Obj\stm8s_gpio.o
#        --redirect _Printf=_PrintfFullNoMb --redirect _Scanf=_ScanfFullNoMb -o
#        E:\projects\2016\khanh\example\7seg-rs485\Debug\Exe\smt8s-rf.out --map
#        E:\projects\2016\khanh\example\7seg-rs485\Debug\List\smt8s-rf.map
#        --config "C:\Program Files (x86)\IAR Systems\Embedded Workbench
#        7.3\stm8\config\lnkstm8s003f3.icf" --config_def _CSTACK_SIZE=0x100
#        --config_def _HEAP_SIZE=0x100 --entry __iar_program_start --debug_lib
#
###############################################################################

*******************************************************************************
*** RUNTIME MODEL ATTRIBUTES
***

__SystemLibrary            = DLib
__code_model               = small
__core                     = stm8
__data_model               = medium
__dlib_file_descriptor     = 0
__dlib_full_locale_support = 0
__rt_version               = 4


*******************************************************************************
*** PLACEMENT SUMMARY
***

"A1":  place at start of [0x000000-0x0000ff] { rw section .vregs };
"A2":  place at end of [0x000000-0x0003ff] { block CSTACK };
"P2":  place in [from 0x000000 to 0x0003ff] {
          block HEAP, rw section __DLIB_PERTHREAD, rw section .far.bss,
          rw section .far.data, rw section .far.noinit,
          rw section .far_func.textrw, rw section .huge.bss,
          rw section .huge.data, rw section .huge.noinit,
          rw section .huge_func.textrw, rw section .iar.dynexit,
          rw section .near.bss, rw section .near.data, rw section .near.noinit,
          rw section .near_func.textrw };
"A3":  place at start of [0x008000-0x009fff] { block INTVEC };
"P3":  place in [from 0x008000 to 0x009fff] {
          ro section __DLIB_PERTHREAD_init, ro section .far.data_init,
          ro section .far_func.textrw_init, ro section .huge.data_init,
          ro section .huge_func.textrw_init, ro section .iar.init_table,
          ro section .init_array, ro section .near.data_init,
          ro section .near.rodata, ro section .near_func.text,
          ro section .near_func.textrw_init, ro section .tiny.data_init,
          ro section .tiny.rodata_init };

  Section            Kind      Address   Size  Object
  -------            ----      -------   ----  ------
"A1":                                     0xc
  .vregs             uninit   0x000000    0xc  vregs.o [4]
                            - 0x00000c    0xc

"P2":                                     0xa
  P2-1                        0x00000c    0xa  <Init block>
    .near.data       inited   0x00000c    0xa  main.o [1]
                            - 0x000016    0xa

"A2":                                   0x100
  CSTACK                      0x000300  0x100  <Block>
    CSTACK           uninit   0x000300  0x100  <Block tail>
                            - 0x000400  0x100

"A3":                                    0x80
  INTVEC                      0x008000   0x80  <Block>
    .intvec          const    0x008000   0x80  interrupt.o [4]
                            - 0x008080   0x80

"P3":                                   0x3f5
  .near_func.text    ro code  0x008080  0x114  stm8s_gpio.o [1]
  .near_func.text    ro code  0x008194   0xb9  main.o [1]
  .near_func.text    ro code  0x00824d   0x51  vreg_util.o [4]
  .near.rodata       const    0x00829e   0x3f  stm8s_gpio.o [1]
  .near.rodata       const    0x0082dd   0x3e  stm8s_clk.o [1]
  .near_func.text    ro code  0x00831b   0x3d  stm8s_clk.o [1]
  .near_func.text    ro code  0x008358   0x30  main.o [1]
  .near_func.text    ro code  0x008388   0x29  main.o [1]
  .near_func.text    ro code  0x0083b1   0x28  init_small.o [4]
  .iar.init_table    const    0x0083d9    0xa  - Linker created -
  .near_func.text    ro code  0x0083e3   0x1a  main.o [1]
  .near_func.text    ro code  0x0083fd   0x17  init.o [4]
  .near_func.text    ro code  0x008414   0x14  __dbg_xxexit.o [3]
  .near_func.text    ro code  0x008428   0x13  cstartup.o [4]
  .near_func.text    ro code  0x00843b    0xb  main.o [1]
  Initializer bytes  const    0x008446    0xa  <for P2-1>
  .near_func.text    ro code  0x008450    0x7  stm8s_gpio.o [1]
  .near_func.text    ro code  0x008457    0x5  cexit.o [4]
  .near_func.text    ro code  0x00845c    0x4  main.o [1]
  .near_func.text    ro code  0x008460    0x4  stm8s_gpio.o [1]
  .near_func.text    ro code  0x008464    0x3  interrupt.o [4]
  .near_func.text    ro code  0x008467    0x3  low_level_init.o [4]
  .near_func.text    ro code  0x00846a    0x3  exit.o [4]
  .near_func.text    ro code  0x00846d    0x3  unhandled_exception.o [4]
  .near_func.text    ro code  0x008470    0x2  main.o [1]
  .near_func.text    ro code  0x008472    0x2  stm8s_gpio.o [1]
  .near_func.text    ro code  0x008474    0x1  __dbg_break.o [3]
                            - 0x008475  0x3f5


*******************************************************************************
*** INIT TABLE
***

          Address   Size
          -------   ----
Copy (__iar_copy_init2)
    1 source range, total size 0xa:
          0x008446   0xa
    1 destination range, total size 0xa:
          0x00000c   0xa



*******************************************************************************
*** MODULE SUMMARY
***

    Module                 ro code  ro data  rw data
    ------                 -------  -------  -------
E:\projects\2016\khanh\example\7seg-rs485\Debug\Obj: [1]
    main.o                     317       10       10
    stm8s_clk.o                 61       62
    stm8s_gpio.o               289       63
    ------------------------------------------------
    Total:                     667      135       10

command line: [2]
    ------------------------------------------------
    Total:

dbgstm8smd.a: [3]
    __dbg_break.o                1
    __dbg_xxexit.o              20
    ------------------------------------------------
    Total:                      21

dlstm8smn.a: [4]
    cexit.o                      5
    cstartup.o                  19
    exit.o                       3
    init.o                      23
    init_small.o                40
    interrupt.o                  3      128
    low_level_init.o             3
    unhandled_exception.o        3
    vreg_util.o                 81
    vregs.o                                       12
    ------------------------------------------------
    Total:                     180      128       12

    Linker created                       10      256
----------------------------------------------------
    Grand Total:               868      273      278


*******************************************************************************
*** ENTRY LIST
***

Entry                    Address   Size  Type      Object
-----                    -------   ----  ----      ------
.iar.init_table$$Base   0x0083d9          --   Gb  - Linker created -
.iar.init_table$$Limit  0x0083e3          --   Gb  - Linker created -
?b0                     0x000000         Data  Gb  vregs.o [4]
?b1                     0x000001         Data  Gb  vregs.o [4]
?b10                    0x00000a         Data  Gb  vregs.o [4]
?b11                    0x00000b         Data  Gb  vregs.o [4]
?b2                     0x000002         Data  Gb  vregs.o [4]
?b3                     0x000003         Data  Gb  vregs.o [4]
?b4                     0x000004         Data  Gb  vregs.o [4]
?b5                     0x000005         Data  Gb  vregs.o [4]
?b6                     0x000006         Data  Gb  vregs.o [4]
?b7                     0x000007         Data  Gb  vregs.o [4]
?b8                     0x000008         Data  Gb  vregs.o [4]
?b9                     0x000009         Data  Gb  vregs.o [4]
?e0                     0x000001         Data  Gb  vregs.o [4]
?e1                     0x000005         Data  Gb  vregs.o [4]
?e2                     0x000009         Data  Gb  vregs.o [4]
?epilogue_l2            0x00829a         Code  Gb  vreg_util.o [4]
?l0                     0x000000         Data  Gb  vregs.o [4]
?l1                     0x000004         Data  Gb  vregs.o [4]
?l2                     0x000008         Data  Gb  vregs.o [4]
?pop_l2                 0x008287         Code  Gb  vreg_util.o [4]
?push_l2                0x008265         Code  Gb  vreg_util.o [4]
?push_w4                0x00824d         Code  Gb  vreg_util.o [4]
?w0                     0x000000         Data  Gb  vregs.o [4]
?w1                     0x000002         Data  Gb  vregs.o [4]
?w2                     0x000004         Data  Gb  vregs.o [4]
?w3                     0x000006         Data  Gb  vregs.o [4]
?w4                     0x000008         Data  Gb  vregs.o [4]
?w5                     0x00000a         Data  Gb  vregs.o [4]
CLK_HSIPrescalerConfig  0x00831b   0x3d  Code  Gb  stm8s_clk.o [1]
CSTACK$$Base            0x000300          --   Gb  - Linker created -
CSTACK$$Limit           0x000400          --   Gb  - Linker created -
DISPLAY                 0x008388   0x29  Code  Gb  main.o [1]
GPIO_Init               0x008080  0x114  Code  Gb  stm8s_gpio.o [1]
GPIO_Write              0x008472    0x2  Code  Gb  stm8s_gpio.o [1]
GPIO_WriteHigh          0x008450    0x7  Code  Gb  stm8s_gpio.o [1]
GPIO_WriteLow           0x008460    0x4  Code  Gb  stm8s_gpio.o [1]
INTVEC$$Base            0x008000          --   Gb  - Linker created -
INTVEC$$Limit           0x008080          --   Gb  - Linker created -
Region$$Table$$Base     0x0083d9          --   Gb  - Linker created -
Region$$Table$$Limit    0x0083e3          --   Gb  - Linker created -
SCANLED                 0x008194   0xb9  Code  Gb  main.o [1]
__DebugBreak            0x008474    0x1  Code  Gb  __dbg_break.o [3]
__exit                  0x008414   0x14  Code  Gb  __dbg_xxexit.o [3]
__iar_copy_init2        0x0083b1         Code  Gb  init_small.o [4]
__iar_data_init2        0x0083fd   0x17  Code  Gb  init.o [4]
__iar_program_start     0x008428         Code  Gb  cstartup.o [4]
__iar_unhandled_exception
                        0x00846d         Code  Gb  unhandled_exception.o [4]
__intvec                0x008000         Data  Gb  interrupt.o [4]
__low_level_init        0x008467    0x3  Code  Gb  low_level_init.o [4]
_exit                   0x008457         Code  Gb  cexit.o [4]
assert_failed           0x008470    0x2  Code  Gb  main.o [1]
clk_config              0x00845c    0x4  Code  Lc  main.o [1]
delay                   0x00843b    0xb  Code  Gb  main.o [1]
exit                    0x00846a    0x3  Code  Gb  exit.o [4]
font                    0x00000c    0xa  Data  Gb  main.o [1]
gpio_config             0x008358   0x30  Code  Lc  main.o [1]
main                    0x0083e3   0x1a  Code  Gb  main.o [1]


[1] = E:\projects\2016\khanh\example\7seg-rs485\Debug\Obj
[2] = command line
[3] = dbgstm8smd.a
[4] = dlstm8smn.a

  868 bytes of readonly  code memory
  273 bytes of readonly  data memory
  278 bytes of readwrite data memory

Errors: none
Warnings: none
